// Vitest Snapshot v1, https://vitest.dev/guide/snapshot.html

exports[`SearchPage > Debería renderizar el componente con los valores por defecto 1`] = `
<div>
  <div
    data-testid="custom-jumbotron"
  />
  <div
    data-testid="custom-breadcrumb"
  />
  <div
    data-testid="search-controls"
  />
  <div
    data-testid="hero-grid"
  />
</div>
`;
